00:31:41 **** Incremental Build of configuration Debug for project freertos_blinky ****
make -r all 
Building file: ../example/src/button_timer.c
Invoking: MCU C Compiler
arm-none-eabi-gcc -D__MULTICORE_NONE -DDEBUG -D__CODE_RED -D__USE_LPCOPEN -D__REDLIB__ -DCORE_M4 -I"/home/snorkman/Escritorio/FreeRTOS_led_sequence/solofreertos/lpc_chip_43xx/inc" -I"/home/snorkman/Escritorio/FreeRTOS_led_sequence/solofreertos/lpc_board_nxp_lpcxpresso_4337/inc" -I"/home/snorkman/Escritorio/FreeRTOS_led_sequence/solofreertos/freertos_blinky/example/inc" -I"/home/snorkman/Escritorio/FreeRTOS_led_sequence/solofreertos/freertos_blinky/freertos/inc" -O0 -g3 -Wall -c -fmessage-length=0 -fno-builtin -ffunction-sections -fdata-sections -fsingle-precision-constant -mcpu=cortex-m4 -mfpu=fpv4-sp-d16 -mfloat-abi=softfp -mthumb -specs=redlib.specs -MMD -MP -MF"example/src/button_timer.d" -MT"example/src/button_timer.o" -MT"example/src/button_timer.d" -o "example/src/button_timer.o" "../example/src/button_timer.c"
Finished building: ../example/src/button_timer.c
 
Building target: freertos_blinky.axf
Invoking: MCU Linker
arm-none-eabi-gcc -nostdlib -L"/home/snorkman/Escritorio/FreeRTOS_led_sequence/solofreertos/lpc_chip_43xx/Debug" -L"/home/snorkman/Escritorio/FreeRTOS_led_sequence/solofreertos/lpc_board_nxp_lpcxpresso_4337/Debug" -Xlinker -Map="freertos_blinky.map" -Xlinker --gc-sections -mcpu=cortex-m4 -mfpu=fpv4-sp-d16 -mfloat-abi=softfp -mthumb -T "freertos_blinky_Debug.ld" -o "freertos_blinky.axf"  ./freertos/src/FreeRTOSCommonHooks.o ./freertos/src/croutine.o ./freertos/src/event_groups.o ./freertos/src/heap_3.o ./freertos/src/list.o ./freertos/src/port.o ./freertos/src/queue.o ./freertos/src/redlib_memfix.o ./freertos/src/tasks.o ./freertos/src/timers.o  ./example/src/button_timer.o ./example/src/cr_startup_lpc43xx.o ./example/src/sysinit.o   -llpc_board_nxp_lpcxpresso_4337 -llpc_chip_43xx
Finished building target: freertos_blinky.axf
 
make --no-print-directory post-build
Performing post-build steps
arm-none-eabi-size "freertos_blinky.axf"; # arm-none-eabi-objcopy -v -O binary "freertos_blinky.axf" "freertos_blinky.bin" ; # checksum -p LPC4337 -d "freertos_blinky.bin";
   text	   data	    bss	    dec	    hex	filename
  11028	      8	    684	  11720	   2dc8	freertos_blinky.axf
 

00:31:41 Build Finished (took 514ms)

