00:52:18 **** Build of configuration Release for project lpc_board_nxp_lpcxpresso_4337 ****
make -r all 
Building file: ../src/board.c
Invoking: MCU C Compiler
arm-none-eabi-gcc -D__REDLIB__ -DNDEBUG -D__CODE_RED -D__USE_LPCOPEN -DCORE_M4 -I"/home/snorkman/Escritorio/EJ1_PDM/solofreertos/lpc_chip_43xx/inc" -I"/home/snorkman/Escritorio/EJ1_PDM/solofreertos/lpc_board_nxp_lpcxpresso_4337/inc" -Os -g -Wall -c -fmessage-length=0 -fno-builtin -ffunction-sections -fdata-sections -fsingle-precision-constant -mcpu=cortex-m4 -mfpu=fpv4-sp-d16 -mfloat-abi=softfp -mthumb -specs=redlib.specs -MMD -MP -MF"src/board.d" -MT"src/board.o" -MT"src/board.d" -o "src/board.o" "../src/board.c"
Finished building: ../src/board.c
 
Building file: ../src/board_sysinit.c
Invoking: MCU C Compiler
arm-none-eabi-gcc -D__REDLIB__ -DNDEBUG -D__CODE_RED -D__USE_LPCOPEN -DCORE_M4 -I"/home/snorkman/Escritorio/EJ1_PDM/solofreertos/lpc_chip_43xx/inc" -I"/home/snorkman/Escritorio/EJ1_PDM/solofreertos/lpc_board_nxp_lpcxpresso_4337/inc" -Os -g -Wall -c -fmessage-length=0 -fno-builtin -ffunction-sections -fdata-sections -fsingle-precision-constant -mcpu=cortex-m4 -mfpu=fpv4-sp-d16 -mfloat-abi=softfp -mthumb -specs=redlib.specs -MMD -MP -MF"src/board_sysinit.d" -MT"src/board_sysinit.o" -MT"src/board_sysinit.d" -o "src/board_sysinit.o" "../src/board_sysinit.c"
Finished building: ../src/board_sysinit.c
 
Building file: ../src/lcd_st7565s.c
Invoking: MCU C Compiler
arm-none-eabi-gcc -D__REDLIB__ -DNDEBUG -D__CODE_RED -D__USE_LPCOPEN -DCORE_M4 -I"/home/snorkman/Escritorio/EJ1_PDM/solofreertos/lpc_chip_43xx/inc" -I"/home/snorkman/Escritorio/EJ1_PDM/solofreertos/lpc_board_nxp_lpcxpresso_4337/inc" -Os -g -Wall -c -fmessage-length=0 -fno-builtin -ffunction-sections -fdata-sections -fsingle-precision-constant -mcpu=cortex-m4 -mfpu=fpv4-sp-d16 -mfloat-abi=softfp -mthumb -specs=redlib.specs -MMD -MP -MF"src/lcd_st7565s.d" -MT"src/lcd_st7565s.o" -MT"src/lcd_st7565s.d" -o "src/lcd_st7565s.o" "../src/lcd_st7565s.c"
Finished building: ../src/lcd_st7565s.c
 
Building file: ../src/lpc_phy_smsc87x0.c
Invoking: MCU C Compiler
arm-none-eabi-gcc -D__REDLIB__ -DNDEBUG -D__CODE_RED -D__USE_LPCOPEN -DCORE_M4 -I"/home/snorkman/Escritorio/EJ1_PDM/solofreertos/lpc_chip_43xx/inc" -I"/home/snorkman/Escritorio/EJ1_PDM/solofreertos/lpc_board_nxp_lpcxpresso_4337/inc" -Os -g -Wall -c -fmessage-length=0 -fno-builtin -ffunction-sections -fdata-sections -fsingle-precision-constant -mcpu=cortex-m4 -mfpu=fpv4-sp-d16 -mfloat-abi=softfp -mthumb -specs=redlib.specs -MMD -MP -MF"src/lpc_phy_smsc87x0.d" -MT"src/lpc_phy_smsc87x0.o" -MT"src/lpc_phy_smsc87x0.d" -o "src/lpc_phy_smsc87x0.o" "../src/lpc_phy_smsc87x0.c"
Finished building: ../src/lpc_phy_smsc87x0.c
 
Building file: ../src/wm8904.c
Invoking: MCU C Compiler
arm-none-eabi-gcc -D__REDLIB__ -DNDEBUG -D__CODE_RED -D__USE_LPCOPEN -DCORE_M4 -I"/home/snorkman/Escritorio/EJ1_PDM/solofreertos/lpc_chip_43xx/inc" -I"/home/snorkman/Escritorio/EJ1_PDM/solofreertos/lpc_board_nxp_lpcxpresso_4337/inc" -Os -g -Wall -c -fmessage-length=0 -fno-builtin -ffunction-sections -fdata-sections -fsingle-precision-constant -mcpu=cortex-m4 -mfpu=fpv4-sp-d16 -mfloat-abi=softfp -mthumb -specs=redlib.specs -MMD -MP -MF"src/wm8904.d" -MT"src/wm8904.o" -MT"src/wm8904.d" -o "src/wm8904.o" "../src/wm8904.c"
Finished building: ../src/wm8904.c
 
Building target: liblpc_board_nxp_lpcxpresso_4337.a
Invoking: MCU Archiver
arm-none-eabi-ar -r  "liblpc_board_nxp_lpcxpresso_4337.a"  ./src/board.o ./src/board_sysinit.o ./src/lcd_st7565s.o ./src/lpc_phy_smsc87x0.o ./src/wm8904.o   
arm-none-eabi-ar: creating liblpc_board_nxp_lpcxpresso_4337.a
Finished building target: liblpc_board_nxp_lpcxpresso_4337.a
 
make --no-print-directory post-build
Performing post-build steps
arm-none-eabi-size "liblpc_board_nxp_lpcxpresso_4337.a" ; # arm-none-eabi-objdump -h -S "liblpc_board_nxp_lpcxpresso_4337.a" >"liblpc_board_nxp_lpcxpresso_4337.lss"
   text	   data	    bss	    dec	    hex	filename
    860	      0	      4	    864	    360	board.o (ex liblpc_board_nxp_lpcxpresso_4337.a)
    214	      0	      0	    214	     d6	board_sysinit.o (ex liblpc_board_nxp_lpcxpresso_4337.a)
    908	      0	   1044	   1952	    7a0	lcd_st7565s.o (ex liblpc_board_nxp_lpcxpresso_4337.a)
    404	      0	     18	    422	    1a6	lpc_phy_smsc87x0.o (ex liblpc_board_nxp_lpcxpresso_4337.a)
    454	      0	      0	    454	    1c6	wm8904.o (ex liblpc_board_nxp_lpcxpresso_4337.a)
 

00:52:19 Build Finished (took 961ms)

